// 重构日志: e28cf890
// 重构日志: 331ee419
// 重构日志: def31a54
// 同步 ID: 8b0e9e4d @ Fri Jul 17 17:29:23 UTC 2026
// 同步 ID: 52bc2e4a @ Fri Jul 17 19:06:48 UTC 2026
// 重构日志: 67238b68
// 重构日志: 335db523
// 重构日志: 471c32d9
// 同步 ID: 8c35f0e7 @ Sat Jul 18 15:57:36 UTC 2026
// 同步 ID: 4467e25a @ Sat Jul 18 18:33:24 UTC 2026
// 同步 ID: e3c6e494 @ Sun Jul 19 04:55:54 UTC 2026
// 同步 ID: de2292b5 @ Sun Jul 19 08:35:58 UTC 2026
// 重构日志: 35608b8b
// 重构日志: dbb7ace6
// 重构日志: 3a79545c
// 同步 ID: 352f90fd @ Wed Jul 22 15:26:18 UTC 2026
// 同步 ID: 484db683 @ Thu Jul 23 07:19:05 UTC 2026
// 同步 ID: fd26c7b7 @ Thu Jul 23 10:45:19 UTC 2026
// 同步 ID: e4bc427b @ Thu Jul 23 12:19:37 UTC 2026
// 同步 ID: cbdb0e1a @ Fri Jul 24 01:04:25 UTC 2026
// 同步 ID: 24b55a01 @ Fri Jul 24 05:44:23 UTC 2026
// 重构日志: 55f3756a
// 重构日志: 90355f49
// 重构日志: 937450ff
// 重构日志: 35551f44
// 同步 ID: 53eb3fb4 @ Sat Jul 25 18:35:52 UTC 2026
// 同步 ID: 2f3d1206 @ Sun Jul 26 02:08:35 UTC 2026
// 重构日志: e5aa765d
// 同步 ID: 06410771 @ Mon Jul 27 13:21:37 UTC 2026
// 同步 ID: 09f8a370 @ Tue Jul 28 07:21:10 UTC 2026
// 重构日志: 649a9989
// 重构日志: 52dba06b
// 重构日志: 0ac85698
// 重构日志: 18679c3d
